projects/amazon-trend-analyzer/qb_chunks/page_115_skip115000.csv
ASIN Buyability Flag,asin_status,CVR%,revenue,asp,units,gv,Images #,Videos #,Has A+ Content,Buybox Winner,Average Rating,Number of Ratings,bb_price,Ad CTR%,Ad CVR%,bsr,brand,Ad CPC$,ASIN (Description),Update Type,Sold By Amazon,Has Coupon?,Has Store Link?,In Stock Today?,category,Sellable On Hand Units,asin,date,Ad Cost,Ad Sales,Ad Clicks,Ad Impressions,Ad Conversions
In Stock,ACTIVE,0.191,462.0,7.97,58.0,304.0,5.0,0.0,True,,4.6,1187.0,7.98,,,54.0,Kingsford,,"B0845V9RZ9 (Kingsford - 10"" Heavy Duty Round Paper Plates, 35ct)",[],True,False,True,True,Disposable Tabletop,2543.0,B0845V9RZ9,2025-07-07,,,,,
In Stock,ACTIVE,0.135,364.0,8.1,45.0,333.0,5.0,0.0,True,,4.6,1187.0,9.45,,,47.0,Kingsford,,"B0845V9RZ9 (Kingsford - 10"" Heavy Duty Round Paper Plates, 35ct)",[],True,False,True,True,Disposable Tabletop,1984.0,B0845V9RZ9,2025-07-06,,,,,
In Stock,ACTIVE,0.18,416.0,9.44,44.0,244.0,5.0,0.0,True,,4.6,1187.0,9.45,,,45.0,Kingsford,,"B0845V9RZ9 (Kingsford - 10"" Heavy Duty Round Paper Plates, 35ct)",[],True,False,True,True,Disposable Tabletop,2237.0,B0845V9RZ9,2025-07-05,,,,,
In Stock,ACTIVE,0.196,509.0,9.43,54.0,276.0,5.0,0.0,True,,4.6,1187.0,9.45,,,41.0,Kingsford,,"B0845V9RZ9 (Kingsford - 10"" Heavy Duty Round Paper Plates, 35ct)",[],True,False,True,True,Disposable Tabletop,1616.0,B0845V9RZ9,2025-07-04,,,,,
In Stock,ACTIVE,-0.011,-57.0,9.44,-6.0,526.0,5.0,0.0,True,,4.7,1186.0,9.45,,,18.0,Kingsford,,"B0845V9RZ9 (Kingsford - 10"" Heavy Duty Round Paper Plates, 35ct)",[],True,False,True,True,Disposable Tabletop,1352.0,B0845V9RZ9,2025-07-02,,,,,
In Stock,ACTIVE,0.042,1198.0,9.36,128.0,3022.0,5.0,0.0,True,,4.7,1186.0,9.75,,,14.0,Kingsford,,"B0845V9RZ9 (Kingsford - 10"" Heavy Duty Round Paper Plates, 35ct)",[],True,False,True,True,Disposable Tabletop,1546.0,B0845V9RZ9,2025-07-01,,,,,
In Stock,ACTIVE,0.06,2169.0,9.77,222.0,3696.0,5.0,0.0,True,,4.7,1186.0,9.74,,,11.0,Kingsford,,"B0845V9RZ9 (Kingsford - 10"" Heavy Duty Round Paper Plates, 35ct)",[],True,False,True,True,Disposable Tabletop,1931.0,B0845V9RZ9,2025-06-30,,,,,
In Stock,ACTIVE,0.057,2346.0,9.77,240.0,4196.0,5.0,0.0,True,,4.7,1186.0,9.72,,,10.0,Kingsford,,"B0845V9RZ9 (Kingsford - 10"" Heavy Duty Round Paper Plates, 35ct)",[],True,False,True,True,Disposable Tabletop,2186.0,B0845V9RZ9,2025-06-29,,,,,
In Stock,ACTIVE,0.09699999999999999,2819.0,9.72,290.0,2994.0,5.0,0.0,True,,4.7,1186.0,9.72,,,9.0,Kingsford,,"B0845V9RZ9 (Kingsford - 10"" Heavy Duty Round Paper Plates, 35ct)",[],True,False,True,True,Disposable Tabletop,2513.0,B0845V9RZ9,2025-06-28,,,,,
In Stock,ACTIVE,0.151,3416.0,9.73,351.0,2331.0,5.0,0.0,True,,4.6,1185.0,9.72,,,9.0,Kingsford,,"B0845V9RZ9 (Kingsford - 10"" Heavy Duty Round Paper Plates, 35ct)",[],True,False,True,True,Disposable Tabletop,2468.0,B0845V9RZ9,2025-06-27,,,,,
In Stock,ACTIVE,0.267,5794.0,8.89,652.0,2442.0,5.0,0.0,True,,4.6,1184.0,8.19,,,14.0,Kingsford,,"B0845V9RZ9 (Kingsford - 10"" Heavy Duty Round Paper Plates, 35ct)",[],True,False,True,True,Disposable Tabletop,2365.0,B0845V9RZ9,2025-06-26,0.0,0.0,0.0,0.0,0.0
In Stock,ACTIVE,0.284,5274.0,8.19,644.0,2271.0,5.0,4.0,True,,4.6,1181.0,8.2,,,12.0,Kingsford,,"B0845V9RZ9 (Kingsford - 10"" Heavy Duty Round Paper Plates, 35ct)",[],True,False,True,True,Disposable Tabletop,2656.0,B0845V9RZ9,2025-06-25,,,,,
In Stock,ACTIVE,0.279,5002.0,8.2,610.0,2184.0,5.0,4.0,True,,4.6,1178.0,8.28,,,13.0,Kingsford,,"B0845V9RZ9 (Kingsford - 10"" Heavy Duty Round Paper Plates, 35ct)",[],True,False,True,True,Disposable Tabletop,3287.0,B0845V9RZ9,2025-06-24,,,,,
In Stock,ACTIVE,0.315,5191.0,8.28,627.0,1989.0,5.0,4.0,True,,4.6,1175.0,8.29,,,20.0,Kingsford,,"B0845V9RZ9 (Kingsford - 10"" Heavy Duty Round Paper Plates, 35ct)",[],True,False,True,True,Disposable Tabletop,3454.0,B0845V9RZ9,2025-06-23,,,,,
In Stock,ACTIVE,0.275,4286.0,8.29,517.0,1881.0,5.0,4.0,True,,4.6,1174.0,8.29,,,25.0,Kingsford,,"B0845V9RZ9 (Kingsford - 10"" Heavy Duty Round Paper Plates, 35ct)",[],True,False,True,True,Disposable Tabletop,3675.0,B0845V9RZ9,2025-06-22,,,,,
In Stock,ACTIVE,0.257,2877.0,8.29,347.0,1352.0,5.0,4.0,True,,4.6,1173.0,8.31,,,40.0,Kingsford,,"B0845V9RZ9 (Kingsford - 10"" Heavy Duty Round Paper Plates, 35ct)",[],True,False,True,True,Disposable Tabletop,4056.0,B0845V9RZ9,2025-06-21,,,,,
In Stock,ACTIVE,0.238,2244.0,8.31,270.0,1133.0,5.0,4.0,True,,4.6,1171.0,8.28,,,36.0,Kingsford,,"B0845V9RZ9 (Kingsford - 10"" Heavy Duty Round Paper Plates, 35ct)",[],True,False,True,True,Disposable Tabletop,4039.0,B0845V9RZ9,2025-06-20,,,,,
In Stock,ACTIVE,0.274,2749.0,8.28,332.0,1212.0,5.0,4.0,True,,4.6,1169.0,8.36,,,39.0,Kingsford,,"B0845V9RZ9 (Kingsford - 10"" Heavy Duty Round Paper Plates, 35ct)",[],True,False,True,True,Disposable Tabletop,3631.0,B0845V9RZ9,2025-06-19,,,,,
In Stock,ACTIVE,0.237,2132.0,8.36,255.0,1075.0,5.0,4.0,True,,4.6,1169.0,8.36,,,52.0,Kingsford,,"B0845V9RZ9 (Kingsford - 10"" Heavy Duty Round Paper Plates, 35ct)",[],True,False,True,True,Disposable Tabletop,3784.0,B0845V9RZ9,2025-06-18,,,,,
In Stock,ACTIVE,0.251,2046.0,8.35,245.0,976.0,5.0,4.0,True,,4.6,1169.0,8.34,,,118.0,Kingsford,,"B0845V9RZ9 (Kingsford - 10"" Heavy Duty Round Paper Plates, 35ct)",[],True,False,True,True,Disposable Tabletop,3799.0,B0845V9RZ9,2025-06-17,,,,,
In Stock,ACTIVE,0.254,1918.0,8.34,230.0,907.0,5.0,4.0,True,,4.6,1169.0,8.37,,,116.0,Kingsford,,"B0845V9RZ9 (Kingsford - 10"" Heavy Duty Round Paper Plates, 35ct)",[],True,False,True,True,Disposable Tabletop,3550.0,B0845V9RZ9,2025-06-16,,,,,
In Stock,ACTIVE,0.244,1883.0,8.37,225.0,922.0,5.0,4.0,True,,4.6,1169.0,8.33,,,109.0,Kingsford,,"B0845V9RZ9 (Kingsford - 10"" Heavy Duty Round Paper Plates, 35ct)",[],True,False,True,True,Disposable Tabletop,3391.0,B0845V9RZ9,2025-06-15,,,,,
In Stock,ACTIVE,0.221,1449.0,8.33,174.0,789.0,5.0,4.0,True,,4.6,1169.0,8.35,,,102.0,Kingsford,,"B0845V9RZ9 (Kingsford - 10"" Heavy Duty Round Paper Plates, 35ct)",[],True,False,True,True,Disposable Tabletop,2814.0,B0845V9RZ9,2025-06-14,,,,,
In Stock,ACTIVE,0.247,1344.0,8.35,161.0,653.0,5.0,4.0,True,,4.6,1169.0,8.35,,,94.0,Kingsford,,"B0845V9RZ9 (Kingsford - 10"" Heavy Duty Round Paper Plates, 35ct)",[],True,False,True,True,Disposable Tabletop,2757.0,B0845V9RZ9,2025-06-13,,,,,
In Stock,ACTIVE,0.296,1436.0,8.35,172.0,581.0,5.0,4.0,True,,4.6,1168.0,8.19,,,88.0,Kingsford,,"B0845V9RZ9 (Kingsford - 10"" Heavy Duty Round Paper Plates, 35ct)",[],True,False,True,True,Disposable Tabletop,3112.0,B0845V9RZ9,2025-06-12,,,,,
In Stock,ACTIVE,0.284,1474.0,8.19,180.0,633.0,5.0,4.0,True,,4.6,1167.0,8.18,,,91.0,Kingsford,,"B0845V9RZ9 (Kingsford - 10"" Heavy Duty Round Paper Plates, 35ct)",[],True,False,True,True,Disposable Tabletop,3078.0,B0845V9RZ9,2025-06-11,,,,,
In Stock,ACTIVE,0.273,1358.0,8.18,166.0,607.0,5.0,4.0,True,,4.6,1167.0,8.18,,,107.0,Kingsford,,"B0845V9RZ9 (Kingsford - 10"" Heavy Duty Round Paper Plates, 35ct)",[],True,False,True,True,Disposable Tabletop,3359.0,B0845V9RZ9,2025-06-10,,,,,
In Stock,ACTIVE,0.243,1129.0,8.18,138.0,569.0,5.0,4.0,True,,4.6,1167.0,8.19,,,124.0,Kingsford,,"B0845V9RZ9 (Kingsford - 10"" Heavy Duty Round Paper Plates, 35ct)",[],True,False,True,True,Disposable Tabletop,1856.0,B0845V9RZ9,2025-06-09,,,,,
In Stock,ACTIVE,0.234,1196.0,8.19,146.0,623.0,5.0,4.0,True,,4.6,1167.0,8.19,,,125.0,Kingsford,,"B0845V9RZ9 (Kingsford - 10"" Heavy Duty Round Paper Plates, 35ct)",[],True,False,True,True,Disposable Tabletop,2057.0,B0845V9RZ9,2025-06-08,,,,,
In Stock,ACTIVE,0.273,1089.0,8.19,133.0,488.0,5.0,4.0,True,,4.6,1168.0,8.19,,,124.0,Kingsford,,"B0845V9RZ9 (Kingsford - 10"" Heavy Duty Round Paper Plates, 35ct)",[],True,False,True,True,Disposable Tabletop,2368.0,B0845V9RZ9,2025-06-07,,,,,
In Stock,ACTIVE,0.22,794.0,8.19,97.0,440.0,5.0,4.0,True,,4.6,1169.0,8.17,,,135.0,Kingsford,,"B0845V9RZ9 (Kingsford - 10"" Heavy Duty Round Paper Plates, 35ct)",[],True,False,True,True,Disposable Tabletop,2051.0,B0845V9RZ9,2025-06-06,,,,,
In Stock,ACTIVE,0.265,968.0,8.13,119.0,449.0,5.0,4.0,True,,4.6,1169.0,8.05,,,147.0,Kingsford,,"B0845V9RZ9 (Kingsford - 10"" Heavy Duty Round Paper Plates, 35ct)",[],True,False,True,True,Disposable Tabletop,2046.0,B0845V9RZ9,2025-06-05,,,,,
In Stock,ACTIVE,0.257,821.0,8.05,102.0,397.0,5.0,4.0,True,,4.6,1170.0,8.16,,,134.0,Kingsford,,"B0845V9RZ9 (Kingsford - 10"" Heavy Duty Round Paper Plates, 35ct)",[],True,False,True,True,Disposable Tabletop,2480.0,B0845V9RZ9,2025-06-04,,,,,
In Stock,ACTIVE,0.224,743.0,8.16,91.0,406.0,5.0,4.0,True,,4.6,1170.0,8.16,,,134.0,Kingsford,,"B0845V9RZ9 (Kingsford - 10"" Heavy Duty Round Paper Plates, 35ct)",[],True,False,True,True,Disposable Tabletop,2594.0,B0845V9RZ9,2025-06-03,,,,,
In Stock,ACTIVE,0.217,808.0,8.16,99.0,457.0,5.0,4.0,True,,4.6,1170.0,8.16,,,145.0,Kingsford,,"B0845V9RZ9 (Kingsford - 10"" Heavy Duty Round Paper Plates, 35ct)",[],True,False,True,True,Disposable Tabletop,2358.0,B0845V9RZ9,2025-06-02,,,,,
In Stock,ACTIVE,0.18,645.0,8.16,79.0,438.0,5.0,4.0,True,,4.6,1170.0,8.16,,,162.0,Kingsford,,"B0845V9RZ9 (Kingsford - 10"" Heavy Duty Round Paper Plates, 35ct)",[],True,False,True,True,Disposable Tabletop,1648.0,B0845V9RZ9,2025-06-01,,,,,
In Stock,ACTIVE,0.215,685.0,8.16,84.0,391.0,5.0,4.0,True,,4.6,1170.0,8.16,,,169.0,Kingsford,,"B0845V9RZ9 (Kingsford - 10"" Heavy Duty Round Paper Plates, 35ct)",[],True,False,True,True,Disposable Tabletop,1778.0,B0845V9RZ9,2025-05-31,,,,,
In Stock,ACTIVE,0.233,520.0,8.13,64.0,275.0,5.0,4.0,True,,4.6,1170.0,8.16,,,150.0,Kingsford,,"B0845V9RZ9 (Kingsford - 10"" Heavy Duty Round Paper Plates, 35ct)",[],True,False,True,True,Disposable Tabletop,1502.0,B0845V9RZ9,2025-05-30,,,,,
In Stock,ACTIVE,0.141,424.0,8.16,52.0,369.0,5.0,4.0,True,,4.7,1169.0,10.34,,,135.0,Kingsford,,"B0845V9RZ9 (Kingsford - 10"" Heavy Duty Round Paper Plates, 35ct)",[],True,False,True,True,Disposable Tabletop,1652.0,B0845V9RZ9,2025-05-29,,,,,
In Stock,ACTIVE,0.201,546.0,10.3,53.0,264.0,5.0,4.0,True,,4.7,1169.0,10.34,,,58.0,Kingsford,,"B0845V9RZ9 (Kingsford - 10"" Heavy Duty Round Paper Plates, 35ct)",[],True,False,True,True,Disposable Tabletop,1778.0,B0845V9RZ9,2025-05-28,,,,,
In Stock,ACTIVE,0.141,455.0,10.34,44.0,313.0,5.0,4.0,True,,4.7,1169.0,10.35,,,58.0,Kingsford,,"B0845V9RZ9 (Kingsford - 10"" Heavy Duty Round Paper Plates, 35ct)",[],True,False,True,True,Disposable Tabletop,1738.0,B0845V9RZ9,2025-05-27,,,,,
In Stock,ACTIVE,0.153,559.0,10.35,54.0,354.0,5.0,4.0,True,,4.7,1169.0,10.35,,,42.0,Kingsford,,"B0845V9RZ9 (Kingsford - 10"" Heavy Duty Round Paper Plates, 35ct)",[],True,False,True,True,Disposable Tabletop,1159.0,B0845V9RZ9,2025-05-26,,,,,
In Stock,ACTIVE,0.197,890.0,10.35,86.0,436.0,5.0,4.0,True,,4.7,1168.0,10.35,,,40.0,Kingsford,,"B0845V9RZ9 (Kingsford - 10"" Heavy Duty Round Paper Plates, 35ct)",[],True,False,True,True,Disposable Tabletop,885.0,B0845V9RZ9,2025-05-25,,,,,
In Stock,ACTIVE,0.242,1450.0,10.36,140.0,578.0,5.0,4.0,True,,4.7,1168.0,10.35,,,41.0,Kingsford,,"B0845V9RZ9 (Kingsford - 10"" Heavy Duty Round Paper Plates, 35ct)",[],True,False,True,True,Disposable Tabletop,1033.0,B0845V9RZ9,2025-05-24,,,,,
In Stock,ACTIVE,0.278,2121.0,10.35,205.0,737.0,5.0,4.0,True,,4.7,1168.0,10.35,,,43.0,Kingsford,,"B0845V9RZ9 (Kingsford - 10"" Heavy Duty Round Paper Plates, 35ct)",[],True,False,True,True,Disposable Tabletop,946.0,B0845V9RZ9,2025-05-23,,,,,
In Stock,ACTIVE,0.289,2419.0,10.34,234.0,809.0,5.0,4.0,True,,4.7,1168.0,9.99,,,50.0,Kingsford,,"B0845V9RZ9 (Kingsford - 10"" Heavy Duty Round Paper Plates, 35ct)",[],True,False,True,True,Disposable Tabletop,1077.0,B0845V9RZ9,2025-05-22,,,,,
In Stock,ACTIVE,0.282,2378.0,9.99,238.0,843.0,5.0,4.0,True,,4.7,1168.0,9.99,,,60.0,Kingsford,,"B0845V9RZ9 (Kingsford - 10"" Heavy Duty Round Paper Plates, 35ct)",[],True,False,True,True,Disposable Tabletop,1227.0,B0845V9RZ9,2025-05-21,,,,,
In Stock,ACTIVE,0.219,1858.0,9.99,186.0,849.0,5.0,4.0,True,,4.7,1168.0,9.99,,,79.0,Kingsford,,"B0845V9RZ9 (Kingsford - 10"" Heavy Duty Round Paper Plates, 35ct)",[],True,False,True,True,Disposable Tabletop,1311.0,B0845V9RZ9,2025-05-20,,,,,
In Stock,ACTIVE,0.226,1708.0,9.99,171.0,758.0,5.0,4.0,True,,4.7,1168.0,9.99,,,121.0,Kingsford,,"B0845V9RZ9 (Kingsford - 10"" Heavy Duty Round Paper Plates, 35ct)",[],True,False,True,True,Disposable Tabletop,1074.0,B0845V9RZ9,2025-05-19,0.0,0.0,0.0,0.0,0.0
In Stock,ACTIVE,0.219,1618.0,9.99,162.0,741.0,5.0,4.0,True,,4.7,1168.0,9.99,,,175.0,Kingsford,,"B0845V9RZ9 (Kingsford - 10"" Heavy Duty Round Paper Plates, 35ct)",[],True,False,True,True,Disposable Tabletop,1432.0,B0845V9RZ9,2025-05-18,,,,,
In Stock,ACTIVE,0.184,899.0,9.99,90.0,490.0,5.0,4.0,True,,4.7,1168.0,9.99,,,204.0,Kingsford,,"B0845V9RZ9 (Kingsford - 10"" Heavy Duty Round Paper Plates, 35ct)",[],True,False,True,True,Disposable Tabletop,818.0,B0845V9RZ9,2025-05-17,,,,,
In Stock,ACTIVE,0.195,609.0,9.99,61.0,313.0,5.0,4.0,True,,4.7,1168.0,9.99,,,233.0,Kingsford,,"B0845V9RZ9 (Kingsford - 10"" Heavy Duty Round Paper Plates, 35ct)",[],True,False,True,True,Disposable Tabletop,947.0,B0845V9RZ9,2025-05-16,,,,,
In Stock,ACTIVE,0.218,619.0,9.99,62.0,285.0,5.0,4.0,True,,4.7,1168.0,10.44,,,261.0,Kingsford,,"B0845V9RZ9 (Kingsford - 10"" Heavy Duty Round Paper Plates, 35ct)",[],True,False,True,True,Disposable Tabletop,1100.0,B0845V9RZ9,2025-05-15,0.0,0.0,0.0,0.0,0.0
In Stock,ACTIVE,0.164,500.0,10.42,48.0,293.0,5.0,4.0,True,,4.7,1168.0,10.44,,,227.0,Kingsford,,"B0845V9RZ9 (Kingsford - 10"" Heavy Duty Round Paper Plates, 35ct)",[],True,False,True,True,Disposable Tabletop,1100.0,B0845V9RZ9,2025-05-14,,,,,
In Stock,ACTIVE,0.166,500.0,10.41,48.0,290.0,5.0,4.0,True,,4.7,1168.0,9.99,,,261.0,Kingsford,,"B0845V9RZ9 (Kingsford - 10"" Heavy Duty Round Paper Plates, 35ct)",[],True,False,True,True,Disposable Tabletop,888.0,B0845V9RZ9,2025-05-13,0.0,0.0,0.0,0.0,0.0
In Stock,ACTIVE,0.175,400.0,9.99,40.0,228.0,5.0,4.0,True,,4.7,1168.0,9.99,,,227.0,Kingsford,,"B0845V9RZ9 (Kingsford - 10"" Heavy Duty Round Paper Plates, 35ct)",[],True,False,True,True,Disposable Tabletop,964.0,B0845V9RZ9,2025-05-12,,,,,
In Stock,ACTIVE,0.166,330.0,9.99,33.0,199.0,5.0,4.0,True,,4.7,1168.0,9.99,,,275.0,Kingsford,,"B0845V9RZ9 (Kingsford - 10"" Heavy Duty Round Paper Plates, 35ct)",[],True,False,True,True,Disposable Tabletop,1004.0,B0845V9RZ9,2025-05-11,,,,,
In Stock,ACTIVE,0.157,320.0,9.99,32.0,204.0,5.0,4.0,True,,4.7,1168.0,9.99,,,309.0,Kingsford,,"B0845V9RZ9 (Kingsford - 10"" Heavy Duty Round Paper Plates, 35ct)",[],True,False,True,True,Disposable Tabletop,1012.0,B0845V9RZ9,2025-05-10,0.0,0.0,0.0,0.0,0.0
In Stock,ACTIVE,0.162,250.0,9.99,25.0,154.0,5.0,4.0,True,,4.7,1168.0,9.99,,,310.0,Kingsford,,"B0845V9RZ9 (Kingsford - 10"" Heavy Duty Round Paper Plates, 35ct)",[],True,False,True,True,Disposable Tabletop,765.0,B0845V9RZ9,2025-05-09,0.0,0.0,0.0,0.0,0.0
In Stock,ACTIVE,0.151,290.0,9.99,29.0,192.0,5.0,4.0,True,,4.7,1168.0,9.99,,,311.0,Kingsford,,"B0845V9RZ9 (Kingsford - 10"" Heavy Duty Round Paper Plates, 35ct)",[],True,False,True,True,Disposable Tabletop,856.0,B0845V9RZ9,2025-05-08,0.0,0.0,0.0,0.0,0.0
In Stock,ACTIVE,,,,,,7.0,0.0,True,,4.6,1840.0,7.85,,,582.0,Friends,,B084SBCHYQ (FRIENDS: Central Perk Coffee Plush Squeak Toy),[],True,True,False,True,Dog Toys,,B084SBCHYQ,2026-05-15,,,,,
In Stock,ACTIVE,,0.0,,0.0,,7.0,0.0,True,,4.6,1840.0,7.85,,,533.0,Friends,,B084SBCHYQ (FRIENDS: Central Perk Coffee Plush Squeak Toy),[],True,True,False,True,Dog Toys,,B084SBCHYQ,2026-05-14,,,,,
In Stock,ACTIVE,,8.0,7.85,1.0,,7.0,0.0,True,,4.6,1841.0,7.85,,,426.0,Friends,,B084SBCHYQ (FRIENDS: Central Perk Coffee Plush Squeak Toy),[],True,True,False,True,Dog Toys,,B084SBCHYQ,2026-05-13,,,,,
In Stock,ACTIVE,,8.0,7.85,1.0,,7.0,0.0,True,,4.6,1841.0,7.85,,,396.0,Friends,,B084SBCHYQ (FRIENDS: Central Perk Coffee Plush Squeak Toy),[],True,True,False,True,Dog Toys,,B084SBCHYQ,2026-05-12,,,,,
In Stock,ACTIVE,0.0,0.0,,0.0,24.0,7.0,0.0,True,,4.6,1841.0,7.85,,,425.0,Friends,,B084SBCHYQ (FRIENDS: Central Perk Coffee Plush Squeak Toy),[],True,True,False,True,Dog Toys,669.0,B084SBCHYQ,2026-05-11,,,,,
In Stock,ACTIVE,0.235,31.0,7.85,4.0,17.0,7.0,0.0,True,,4.6,1841.0,7.85,,,440.0,Friends,,B084SBCHYQ (FRIENDS: Central Perk Coffee Plush Squeak Toy),[],True,True,False,True,Dog Toys,669.0,B084SBCHYQ,2026-05-10,,,,,
In Stock,ACTIVE,0.1,16.0,7.85,2.0,20.0,7.0,0.0,True,,4.6,1841.0,7.85,,,341.0,Friends,,B084SBCHYQ (FRIENDS: Central Perk Coffee Plush Squeak Toy),[],True,True,False,True,Dog Toys,674.0,B084SBCHYQ,2026-05-09,,,,,
In Stock,ACTIVE,-0.043,-8.0,,-1.0,23.0,7.0,0.0,True,,4.6,1842.0,7.85,,,369.0,Friends,,B084SBCHYQ (FRIENDS: Central Perk Coffee Plush Squeak Toy),[],True,True,False,True,Dog Toys,676.0,B084SBCHYQ,2026-05-08,,,,,
In Stock,ACTIVE,0.154,40.0,19.92,2.0,13.0,7.0,0.0,True,,4.6,1842.0,7.85,,,382.0,Friends,,B084SBCHYQ (FRIENDS: Central Perk Coffee Plush Squeak Toy),[],True,True,False,True,Dog Toys,678.0,B084SBCHYQ,2026-05-07,,,,,
In Stock,ACTIVE,0.136,24.0,7.85,3.0,22.0,7.0,0.0,True,,4.6,1842.0,7.85,,,470.0,Friends,,B084SBCHYQ (FRIENDS: Central Perk Coffee Plush Squeak Toy),[],True,True,False,True,Dog Toys,680.0,B084SBCHYQ,2026-05-06,,,,,
In Stock,ACTIVE,0.087,16.0,7.85,2.0,23.0,7.0,0.0,True,,4.6,1841.0,7.85,,,410.0,Friends,,B084SBCHYQ (FRIENDS: Central Perk Coffee Plush Squeak Toy),[],True,True,False,True,Dog Toys,682.0,B084SBCHYQ,2026-05-05,,,,,
In Stock,ACTIVE,0.1,16.0,7.85,2.0,20.0,7.0,0.0,True,,4.6,1841.0,7.85,,,429.0,Friends,,B084SBCHYQ (FRIENDS: Central Perk Coffee Plush Squeak Toy),[],True,True,False,True,Dog Toys,684.0,B084SBCHYQ,2026-05-04,,,,,
In Stock,ACTIVE,0.1,24.0,7.85,3.0,30.0,7.0,0.0,True,,4.6,1841.0,7.85,,,367.0,Friends,,B084SBCHYQ (FRIENDS: Central Perk Coffee Plush Squeak Toy),[],True,True,False,True,Dog Toys,636.0,B084SBCHYQ,2026-05-03,,,,,
In Stock,ACTIVE,0.118,16.0,7.85,2.0,17.0,7.0,0.0,True,,4.6,1841.0,7.85,,,410.0,Friends,,B084SBCHYQ (FRIENDS: Central Perk Coffee Plush Squeak Toy),[],True,True,False,True,Dog Toys,640.0,B084SBCHYQ,2026-05-02,,,,,
