projects/amazon-trend-analyzer/qb_chunks/page_115_skip115000.csv
ASIN Buyability Flag,asin_status,CVR%,revenue,asp,units,gv,Images #,Videos #,Has A+ Content,Buybox Winner,Average Rating,Number of Ratings,bb_price,Ad CTR%,Ad CVR%,bsr,brand,Ad CPC$,ASIN (Description),Update Type,Sold By Amazon,Has Coupon?,Has Store Link?,In Stock Today?,category,Sellable On Hand Units,asin,date,Ad Cost,Ad Sales,Ad Clicks,Ad Impressions,Ad Conversions
In Stock,FD,,,,,,4.0,0.0,True,,4.4,103.0,9.09,,,1068.0,Friends,,B084SBGQZC (Warner Bros: Friends You're My Lobster Tee - X-Large),[],True,False,False,True,Apparel,16.0,B084SBGQZC,2025-12-17,,,,,
In Stock,FD,,,,,0.0,4.0,0.0,True,,4.4,103.0,9.09,,,962.0,Friends,,B084SBGQZC (Warner Bros: Friends You're My Lobster Tee - X-Large),[],True,False,False,True,Apparel,16.0,B084SBGQZC,2025-12-16,,,,,
In Stock,FD,,,,,,4.0,0.0,True,,4.4,103.0,9.09,,,748.0,Friends,,B084SBGQZC (Warner Bros: Friends You're My Lobster Tee - X-Large),[],True,False,False,True,Apparel,16.0,B084SBGQZC,2025-12-15,,,,,
In Stock,FD,,,,,,4.0,0.0,True,,4.4,103.0,9.09,,,974.0,Friends,,B084SBGQZC (Warner Bros: Friends You're My Lobster Tee - X-Large),[],True,False,False,True,Apparel,16.0,B084SBGQZC,2025-12-14,,,,,
In Stock,FD,0.0,,,,1.0,4.0,0.0,True,,4.4,103.0,9.09,,,797.0,Friends,,B084SBGQZC (Warner Bros: Friends You're My Lobster Tee - X-Large),[],True,False,False,True,Apparel,16.0,B084SBGQZC,2025-12-13,,,,,
In Stock,FD,,,,,,4.0,0.0,True,,4.4,103.0,9.09,,,626.0,Friends,,B084SBGQZC (Warner Bros: Friends You're My Lobster Tee - X-Large),[],True,False,False,True,Apparel,16.0,B084SBGQZC,2025-12-12,,,,,
In Stock,FD,,,,,,4.0,0.0,True,,4.4,103.0,9.09,,,1190.0,Friends,,B084SBGQZC (Warner Bros: Friends You're My Lobster Tee - X-Large),[],True,False,False,True,Apparel,16.0,B084SBGQZC,2025-12-11,,,,,
In Stock,FD,,0.0,,0.0,,4.0,0.0,True,,4.4,103.0,9.09,,,1172.0,Friends,,B084SBGQZC (Warner Bros: Friends You're My Lobster Tee - X-Large),[],True,False,False,True,Apparel,16.0,B084SBGQZC,2025-12-10,,,,,
In Stock,FD,,,,,,4.0,0.0,True,,4.4,103.0,9.09,,,1037.0,Friends,,B084SBGQZC (Warner Bros: Friends You're My Lobster Tee - X-Large),[],True,False,False,True,Apparel,16.0,B084SBGQZC,2025-12-09,,,,,
In Stock,FD,,,,,0.0,4.0,0.0,True,,4.4,103.0,9.09,,,944.0,Friends,,B084SBGQZC (Warner Bros: Friends You're My Lobster Tee - X-Large),[],True,False,False,True,Apparel,16.0,B084SBGQZC,2025-12-08,,,,,
In Stock,FD,,,,,0.0,4.0,0.0,True,,4.4,103.0,9.09,,,736.0,Friends,,B084SBGQZC (Warner Bros: Friends You're My Lobster Tee - X-Large),[],True,False,False,True,Apparel,16.0,B084SBGQZC,2025-12-07,,,,,
In Stock,FD,0.0,,,,1.0,4.0,0.0,True,,4.4,103.0,6.34,,,826.0,Friends,,B084SBGQZC (Warner Bros: Friends You're My Lobster Tee - X-Large),[],True,False,False,True,Apparel,16.0,B084SBGQZC,2025-12-05,,,,,
In Stock,FD,,,,,,4.0,0.0,True,,4.4,103.0,6.88,,,666.0,Friends,,B084SBGQZC (Warner Bros: Friends You're My Lobster Tee - X-Large),[],True,False,False,True,Apparel,16.0,B084SBGQZC,2025-12-04,,,,,
In Stock,FD,,,,,,4.0,0.0,True,,4.4,103.0,7.64,,,550.0,Friends,,B084SBGQZC (Warner Bros: Friends You're My Lobster Tee - X-Large),[],True,False,False,True,Apparel,16.0,B084SBGQZC,2025-12-02,,,,,
In Stock,FD,,,,,,4.0,0.0,True,,4.4,103.0,7.64,,,799.0,Friends,,B084SBGQZC (Warner Bros: Friends You're My Lobster Tee - X-Large),[],True,False,False,True,Apparel,16.0,B084SBGQZC,2025-11-30,,,,,
In Stock,FD,,,,,,4.0,0.0,True,,4.4,103.0,7.64,,,1078.0,Friends,,B084SBGQZC (Warner Bros: Friends You're My Lobster Tee - X-Large),[],True,False,False,True,Apparel,16.0,B084SBGQZC,2025-11-29,,,,,
In Stock,FD,,,,,0.0,4.0,0.0,True,,4.4,103.0,7.64,,,998.0,Friends,,B084SBGQZC (Warner Bros: Friends You're My Lobster Tee - X-Large),[],True,False,False,True,Apparel,16.0,B084SBGQZC,2025-11-28,,,,,
In Stock,FD,,,,,,4.0,0.0,True,,4.4,103.0,10.18,,,913.0,Friends,,B084SBGQZC (Warner Bros: Friends You're My Lobster Tee - X-Large),[],True,False,False,True,Apparel,16.0,B084SBGQZC,2025-11-27,,,,,
In Stock,FD,,,,,,4.0,0.0,True,,4.4,103.0,10.18,,,741.0,Friends,,B084SBGQZC (Warner Bros: Friends You're My Lobster Tee - X-Large),[],True,False,False,True,Apparel,16.0,B084SBGQZC,2025-11-26,,,,,
In Stock,FD,,,,,0.0,4.0,0.0,True,,4.4,103.0,10.18,,,616.0,Friends,,B084SBGQZC (Warner Bros: Friends You're My Lobster Tee - X-Large),[],True,False,False,True,Apparel,16.0,B084SBGQZC,2025-11-25,,,,,
In Stock,FD,,,,,0.0,4.0,0.0,True,,4.4,103.0,10.18,,,594.0,Friends,,B084SBGQZC (Warner Bros: Friends You're My Lobster Tee - X-Large),[],True,False,False,True,Apparel,16.0,B084SBGQZC,2025-11-24,,,,,
In Stock,FD,,,,,,4.0,0.0,True,,4.4,103.0,10.98,,,832.0,Friends,,B084SBGQZC (Warner Bros: Friends You're My Lobster Tee - X-Large),[],True,False,False,True,Apparel,16.0,B084SBGQZC,2025-11-23,,,,,
In Stock,FD,0.0,,,,2.0,4.0,0.0,True,,4.4,103.0,10.98,,,684.0,Friends,,B084SBGQZC (Warner Bros: Friends You're My Lobster Tee - X-Large),[],True,False,False,True,Apparel,16.0,B084SBGQZC,2025-11-22,,,,,
In Stock,FD,,,,,,4.0,0.0,True,,4.4,103.0,11.74,,,494.0,Friends,,B084SBGQZC (Warner Bros: Friends You're My Lobster Tee - X-Large),[],True,False,False,True,Apparel,16.0,B084SBGQZC,2025-11-21,,,,,
In Stock,FD,0.0,0.0,,0.0,4.0,4.0,0.0,True,,4.4,103.0,11.85,,,588.0,Friends,,B084SBGQZC (Warner Bros: Friends You're My Lobster Tee - X-Large),[],True,False,False,True,Apparel,16.0,B084SBGQZC,2025-11-20,,,,,
In Stock,FD,0.125,4.0,4.0,1.0,8.0,4.0,0.0,True,,4.4,103.0,4.0,,,1200.0,Friends,,B084SBGQZC (Warner Bros: Friends You're My Lobster Tee - X-Large),[],True,False,False,True,Apparel,17.0,B084SBGQZC,2025-11-19,,,,,
In Stock,FD,0.1,4.0,4.0,1.0,10.0,4.0,0.0,True,,4.4,103.0,4.0,,,1092.0,Friends,,B084SBGQZC (Warner Bros: Friends You're My Lobster Tee - X-Large),[],True,False,False,True,Apparel,18.0,B084SBGQZC,2025-11-18,,,,,
In Stock,FD,0.0,,,,7.0,4.0,0.0,True,,4.4,103.0,11.95,,,929.0,Friends,,B084SBGQZC (Warner Bros: Friends You're My Lobster Tee - X-Large),[],True,False,False,True,Apparel,18.0,B084SBGQZC,2025-11-17,,,,,
In Stock,FD,0.0,,,,1.0,4.0,0.0,True,,4.4,103.0,11.95,,,752.0,Friends,,B084SBGQZC (Warner Bros: Friends You're My Lobster Tee - X-Large),[],True,False,False,True,Apparel,18.0,B084SBGQZC,2025-11-16,,,,,
In Stock,FD,,,,,,4.0,0.0,True,,4.4,103.0,11.97,,,541.0,Friends,,B084SBGQZC (Warner Bros: Friends You're My Lobster Tee - X-Large),[],True,False,False,True,Apparel,18.0,B084SBGQZC,2025-11-15,,,,,
In Stock,FD,,0.0,,0.0,,4.0,0.0,True,,4.4,103.0,4.75,,,685.0,Friends,,B084SBGQZC (Warner Bros: Friends You're My Lobster Tee - X-Large),[],True,False,False,True,Apparel,,B084SBGQZC,2025-11-14,,,,,
In Stock,FD,0.0,0.0,,0.0,9.0,4.0,0.0,True,,4.4,103.0,4.75,,,985.0,Friends,,B084SBGQZC (Warner Bros: Friends You're My Lobster Tee - X-Large),[],True,False,False,True,Apparel,18.0,B084SBGQZC,2025-11-13,,,,,
In Stock,FD,0.125,5.0,4.54,1.0,8.0,4.0,0.0,True,,4.4,103.0,4.75,,,985.0,Friends,,B084SBGQZC (Warner Bros: Friends You're My Lobster Tee - X-Large),[],True,False,False,True,Apparel,18.0,B084SBGQZC,2025-11-12,,,,,
In Stock,FD,0.375,14.0,4.54,3.0,8.0,4.0,0.0,True,,4.4,103.0,4.54,,,985.0,Friends,,B084SBGQZC (Warner Bros: Friends You're My Lobster Tee - X-Large),[],True,False,False,True,Apparel,21.0,B084SBGQZC,2025-11-11,,,,,
In Stock,FD,0.0,,,,14.0,4.0,0.0,True,,4.4,103.0,4.54,,,985.0,Friends,,B084SBGQZC (Warner Bros: Friends You're My Lobster Tee - X-Large),[],True,False,False,True,Apparel,22.0,B084SBGQZC,2025-11-10,,,,,
In Stock,FD,0.0,,,,3.0,4.0,0.0,True,,4.4,103.0,4.54,,,985.0,Friends,,B084SBGQZC (Warner Bros: Friends You're My Lobster Tee - X-Large),[],True,False,False,True,Apparel,22.0,B084SBGQZC,2025-11-09,,,,,
In Stock,FD,0.0,,,,1.0,4.0,0.0,True,,4.4,103.0,4.54,,,985.0,Friends,,B084SBGQZC (Warner Bros: Friends You're My Lobster Tee - X-Large),[],True,False,False,True,Apparel,22.0,B084SBGQZC,2025-11-08,,,,,
In Stock,FD,0.0,0.0,,0.0,1.0,4.0,0.0,True,,4.4,103.0,4.54,,,985.0,Friends,,B084SBGQZC (Warner Bros: Friends You're My Lobster Tee - X-Large),[],True,False,False,True,Apparel,22.0,B084SBGQZC,2025-11-07,,,,,
In Stock,FD,0.0,,,,1.0,4.0,0.0,True,,4.4,103.0,4.9,,,1041.0,Friends,,B084SBGQZC (Warner Bros: Friends You're My Lobster Tee - X-Large),[],True,False,False,True,Apparel,22.0,B084SBGQZC,2025-11-05,,,,,
In Stock,FD,0.0,0.0,,0.0,3.0,4.0,0.0,True,,4.4,103.0,4.9,,,837.0,Friends,,B084SBGQZC (Warner Bros: Friends You're My Lobster Tee - X-Large),[],True,False,False,True,Apparel,22.0,B084SBGQZC,2025-11-04,,,,,
In Stock,FD,0.0,0.0,,0.0,1.0,4.0,0.0,True,,4.4,103.0,4.9,,,1122.0,Friends,,B084SBGQZC (Warner Bros: Friends You're My Lobster Tee - X-Large),[],True,False,False,True,Apparel,23.0,B084SBGQZC,2025-11-03,,,,,
In Stock,FD,0.143,5.0,4.9,1.0,7.0,4.0,0.0,True,,4.4,103.0,4.9,,,833.0,Friends,,B084SBGQZC (Warner Bros: Friends You're My Lobster Tee - X-Large),[],True,False,False,True,Apparel,23.0,B084SBGQZC,2025-11-02,,,,,
In Stock,FD,0.0,,,,2.0,4.0,0.0,True,,4.4,103.0,4.9,,,1256.0,Friends,,B084SBGQZC (Warner Bros: Friends You're My Lobster Tee - X-Large),[],True,False,False,True,Apparel,23.0,B084SBGQZC,2025-11-01,,,,,
In Stock,FD,0.0,,,,8.0,4.0,0.0,True,,4.4,103.0,4.66,,,1108.0,Friends,,B084SBGQZC (Warner Bros: Friends You're My Lobster Tee - X-Large),[],True,False,False,True,Apparel,23.0,B084SBGQZC,2025-10-31,,,,,
In Stock,FD,0.0,,,,4.0,4.0,0.0,True,,4.4,103.0,4.66,,,907.0,Friends,,B084SBGQZC (Warner Bros: Friends You're My Lobster Tee - X-Large),[],True,False,False,True,Apparel,23.0,B084SBGQZC,2025-10-30,,,,,
In Stock,FD,0.0,,,,2.0,4.0,0.0,True,,4.4,103.0,4.92,,,1645.0,Friends,,B084SBGQZC (Warner Bros: Friends You're My Lobster Tee - X-Large),[],True,False,False,True,Apparel,23.0,B084SBGQZC,2025-10-29,,,,,
In Stock,FD,0.0,,,,4.0,4.0,0.0,True,,4.4,103.0,4.92,,,1642.0,Friends,,B084SBGQZC (Warner Bros: Friends You're My Lobster Tee - X-Large),[],True,False,False,True,Apparel,23.0,B084SBGQZC,2025-10-28,,,,,
In Stock,FD,0.0,,,,2.0,4.0,0.0,True,,4.4,103.0,4.92,,,1617.0,Friends,,B084SBGQZC (Warner Bros: Friends You're My Lobster Tee - X-Large),[],True,False,False,True,Apparel,23.0,B084SBGQZC,2025-10-27,,,,,
In Stock,FD,,,,,,4.0,0.0,True,,4.4,103.0,5.47,,,1550.0,Friends,,B084SBGQZC (Warner Bros: Friends You're My Lobster Tee - X-Large),[],True,False,False,True,Apparel,23.0,B084SBGQZC,2025-10-26,,,,,
In Stock,FD,0.0,,,,3.0,4.0,0.0,True,,4.4,103.0,5.47,,,1465.0,Friends,,B084SBGQZC (Warner Bros: Friends You're My Lobster Tee - X-Large),[],True,False,False,True,Apparel,23.0,B084SBGQZC,2025-10-25,,,,,
In Stock,FD,,,,,,4.0,0.0,True,,4.4,103.0,6.08,,,1339.0,Friends,,B084SBGQZC (Warner Bros: Friends You're My Lobster Tee - X-Large),[],True,False,False,True,Apparel,23.0,B084SBGQZC,2025-10-24,,,,,
In Stock,FD,,0.0,,0.0,,4.0,0.0,True,,4.4,103.0,6.08,,,1705.0,Friends,,B084SBGQZC (Warner Bros: Friends You're My Lobster Tee - X-Large),[],True,False,False,True,Apparel,23.0,B084SBGQZC,2025-10-23,,,,,
In Stock,FD,,,,,,4.0,0.0,True,,4.4,103.0,6.08,,,1798.0,Friends,,B084SBGQZC (Warner Bros: Friends You're My Lobster Tee - X-Large),[],True,False,False,True,Apparel,24.0,B084SBGQZC,2025-10-22,,,,,
In Stock,FD,0.0,0.0,,0.0,2.0,4.0,0.0,True,,4.4,103.0,5.63,,,1798.0,Friends,,B084SBGQZC (Warner Bros: Friends You're My Lobster Tee - X-Large),[],True,False,False,True,Apparel,24.0,B084SBGQZC,2025-10-21,,,,,
In Stock,FD,1.0,6.0,5.61,1.0,1.0,4.0,0.0,True,,4.4,103.0,5.61,,,1798.0,Friends,,B084SBGQZC (Warner Bros: Friends You're My Lobster Tee - X-Large),[],True,False,False,True,Apparel,24.0,B084SBGQZC,2025-10-20,,,,,
In Stock,FD,0.0,,,,1.0,4.0,0.0,True,,4.4,103.0,5.61,,,1811.0,Friends,,B084SBGQZC (Warner Bros: Friends You're My Lobster Tee - X-Large),[],True,False,False,True,Apparel,24.0,B084SBGQZC,2025-10-19,,,,,
In Stock,FD,,,,,,4.0,0.0,True,,4.4,103.0,5.61,,,1825.0,Friends,,B084SBGQZC (Warner Bros: Friends You're My Lobster Tee - X-Large),[],True,False,False,True,Apparel,24.0,B084SBGQZC,2025-10-18,,,,,
In Stock,FD,0.0,,,,3.0,4.0,0.0,True,,4.4,103.0,5.61,,,1798.0,Friends,,B084SBGQZC (Warner Bros: Friends You're My Lobster Tee - X-Large),[],True,False,False,True,Apparel,24.0,B084SBGQZC,2025-10-17,,,,,
In Stock,FD,,,,,,4.0,0.0,True,,4.4,103.0,5.61,,,1798.0,Friends,,B084SBGQZC (Warner Bros: Friends You're My Lobster Tee - X-Large),[],True,False,False,True,Apparel,24.0,B084SBGQZC,2025-10-16,,,,,
In Stock,FD,0.0,,,,3.0,4.0,0.0,True,,4.4,103.0,5.61,,,1807.0,Friends,,B084SBGQZC (Warner Bros: Friends You're My Lobster Tee - X-Large),[],True,False,False,True,Apparel,24.0,B084SBGQZC,2025-10-15,,,,,
In Stock,FD,,,,,,4.0,0.0,True,,4.4,103.0,5.61,,,1814.0,Friends,,B084SBGQZC (Warner Bros: Friends You're My Lobster Tee - X-Large),[],True,False,False,True,Apparel,24.0,B084SBGQZC,2025-10-14,,,,,
In Stock,FD,0.0,,,,2.0,4.0,0.0,True,,4.4,103.0,5.57,,,1851.0,Friends,,B084SBGQZC (Warner Bros: Friends You're My Lobster Tee - X-Large),[],True,False,False,True,Apparel,24.0,B084SBGQZC,2025-10-13,,,,,
In Stock,FD,,,,,,4.0,0.0,True,,4.4,103.0,5.57,,,1866.0,Friends,,B084SBGQZC (Warner Bros: Friends You're My Lobster Tee - X-Large),[],True,False,False,True,Apparel,24.0,B084SBGQZC,2025-10-12,,,,,
In Stock,FD,,,,,,4.0,0.0,True,,4.4,103.0,5.97,,,1858.0,Friends,,B084SBGQZC (Warner Bros: Friends You're My Lobster Tee - X-Large),[],True,False,False,True,Apparel,24.0,B084SBGQZC,2025-10-11,,,,,
In Stock,FD,,,,,,4.0,0.0,True,,4.4,103.0,5.97,,,1848.0,Friends,,B084SBGQZC (Warner Bros: Friends You're My Lobster Tee - X-Large),[],True,False,False,True,Apparel,24.0,B084SBGQZC,2025-10-10,,,,,
In Stock,FD,0.0,,,,1.0,4.0,0.0,True,,4.4,103.0,5.97,,,1766.0,Friends,,B084SBGQZC (Warner Bros: Friends You're My Lobster Tee - X-Large),[],True,False,False,True,Apparel,24.0,B084SBGQZC,2025-10-09,,,,,
In Stock,FD,,,,,,4.0,0.0,True,,4.4,103.0,5.97,,,1722.0,Friends,,B084SBGQZC (Warner Bros: Friends You're My Lobster Tee - X-Large),[],True,False,False,True,Apparel,24.0,B084SBGQZC,2025-10-08,,,,,
In Stock,FD,0.0,,,,5.0,4.0,0.0,True,,4.4,103.0,5.97,,,1730.0,Friends,,B084SBGQZC (Warner Bros: Friends You're My Lobster Tee - X-Large),[],True,False,False,True,Apparel,24.0,B084SBGQZC,2025-10-07,,,,,
In Stock,FD,,,,,,4.0,0.0,True,,4.4,103.0,6.38,,,1734.0,Friends,,B084SBGQZC (Warner Bros: Friends You're My Lobster Tee - X-Large),[],True,False,False,True,Apparel,24.0,B084SBGQZC,2025-10-06,,,,,
In Stock,FD,,,,,,4.0,0.0,True,,4.4,103.0,6.38,,,1726.0,Friends,,B084SBGQZC (Warner Bros: Friends You're My Lobster Tee - X-Large),[],True,False,False,True,Apparel,24.0,B084SBGQZC,2025-10-05,,,,,
In Stock,FD,,,,,,4.0,0.0,True,,4.4,103.0,6.38,,,1704.0,Friends,,B084SBGQZC (Warner Bros: Friends You're My Lobster Tee - X-Large),[],True,False,False,True,Apparel,24.0,B084SBGQZC,2025-10-04,,,,,
In Stock,FD,,,,,,4.0,0.0,True,,4.4,103.0,6.22,,,1648.0,Friends,,B084SBGQZC (Warner Bros: Friends You're My Lobster Tee - X-Large),[],True,False,False,True,Apparel,24.0,B084SBGQZC,2025-10-03,,,,,
In Stock,FD,0.0,,,,2.0,4.0,0.0,True,,4.4,103.0,6.22,,,1612.0,Friends,,B084SBGQZC (Warner Bros: Friends You're My Lobster Tee - X-Large),[],True,False,False,True,Apparel,24.0,B084SBGQZC,2025-10-02,,,,,
In Stock,FD,0.0,,,,3.0,4.0,0.0,True,,4.4,103.0,6.22,,,1588.0,Friends,,B084SBGQZC (Warner Bros: Friends You're My Lobster Tee - X-Large),[],True,False,False,True,Apparel,24.0,B084SBGQZC,2025-10-01,,,,,
In Stock,FD,0.0,,,,1.0,4.0,0.0,True,,4.4,103.0,5.97,,,1550.0,Friends,,B084SBGQZC (Warner Bros: Friends You're My Lobster Tee - X-Large),[],True,False,False,True,Apparel,24.0,B084SBGQZC,2025-09-30,,,,,
In Stock,FD,,,,,,4.0,0.0,True,,4.4,103.0,5.97,,,1558.0,Friends,,B084SBGQZC (Warner Bros: Friends You're My Lobster Tee - X-Large),[],True,False,False,True,Apparel,24.0,B084SBGQZC,2025-09-29,,,,,
In Stock,FD,0.0,,,,2.0,4.0,0.0,True,,4.4,103.0,5.97,,,1553.0,Friends,,B084SBGQZC (Warner Bros: Friends You're My Lobster Tee - X-Large),[],True,False,False,True,Apparel,24.0,B084SBGQZC,2025-09-28,,,,,
In Stock,FD,0.0,,,,1.0,4.0,0.0,True,,4.4,103.0,5.97,,,1537.0,Friends,,B084SBGQZC (Warner Bros: Friends You're My Lobster Tee - X-Large),[],True,False,False,True,Apparel,24.0,B084SBGQZC,2025-09-27,,,,,
In Stock,FD,,,,,,4.0,0.0,True,,4.4,103.0,5.97,,,1521.0,Friends,,B084SBGQZC (Warner Bros: Friends You're My Lobster Tee - X-Large),[],True,False,False,True,Apparel,24.0,B084SBGQZC,2025-09-26,,,,,
In Stock,FD,0.0,,,,2.0,4.0,0.0,True,,4.4,103.0,5.85,,,1496.0,Friends,,B084SBGQZC (Warner Bros: Friends You're My Lobster Tee - X-Large),[],True,False,False,True,Apparel,24.0,B084SBGQZC,2025-09-25,,,,,
In Stock,FD,0.0,,,,1.0,4.0,0.0,True,,4.4,103.0,5.85,,,1465.0,Friends,,B084SBGQZC (Warner Bros: Friends You're My Lobster Tee - X-Large),[],True,False,False,True,Apparel,24.0,B084SBGQZC,2025-09-24,,,,,
In Stock,FD,,,,,,4.0,0.0,True,,4.4,103.0,6.44,,,1450.0,Friends,,B084SBGQZC (Warner Bros: Friends You're My Lobster Tee - X-Large),[],True,False,False,True,Apparel,24.0,B084SBGQZC,2025-09-23,,,,,
In Stock,FD,0.0,,,,2.0,4.0,0.0,True,,4.4,103.0,6.44,,,1413.0,Friends,,B084SBGQZC (Warner Bros: Friends You're My Lobster Tee - X-Large),[],True,False,False,True,Apparel,24.0,B084SBGQZC,2025-09-22,,,,,
In Stock,FD,0.0,,,,1.0,4.0,0.0,True,,4.4,103.0,6.44,,,1331.0,Friends,,B084SBGQZC (Warner Bros: Friends You're My Lobster Tee - X-Large),[],True,False,False,True,Apparel,24.0,B084SBGQZC,2025-09-21,,,,,
In Stock,FD,0.0,,,,2.0,4.0,0.0,True,,4.4,103.0,6.44,,,1241.0,Friends,,B084SBGQZC (Warner Bros: Friends You're My Lobster Tee - X-Large),[],True,False,False,True,Apparel,24.0,B084SBGQZC,2025-09-20,,,,,
In Stock,FD,,,,,,4.0,0.0,True,,4.4,103.0,6.44,,,1125.0,Friends,,B084SBGQZC (Warner Bros: Friends You're My Lobster Tee - X-Large),[],True,False,False,True,Apparel,24.0,B084SBGQZC,2025-09-19,,,,,
In Stock,FD,,,,,,4.0,0.0,True,,4.4,103.0,6.87,,,963.0,Friends,,B084SBGQZC (Warner Bros: Friends You're My Lobster Tee - X-Large),[],True,False,False,True,Apparel,24.0,B084SBGQZC,2025-09-18,,,,,
In Stock,FD,0.0,0.0,,0.0,3.0,4.0,0.0,True,,4.4,103.0,6.87,,,785.0,Friends,,B084SBGQZC (Warner Bros: Friends You're My Lobster Tee - X-Large),[],True,False,False,True,Apparel,24.0,B084SBGQZC,2025-09-17,,,,,
